type octile
height 192
width 192
map
..........................@@@@....@@@@@@.......@@@@@@.......@@@@@@@@@@@@@@@@@@..............................@@@@@@@@@@@@@@@@@@@@@@.....@@@@@@.....@@@.@@......@@@@@@............................
............................@@@.@@..@@@@.........@@.......@@@@@@@@@@@@@@.@@@................................@@@@@@@@@@@@@@@@.@@@.........@@.......@@@@@@........@@@@............................
............................@@@@@@..@@@@..................@@@@@@@@@@@@@@@@@@..................................@@@@@@@@@@@@@@@@@@.....@............@@@@......@@.@@@..............................
............................@@@@....@@@@..................@@@@@@@@@@@@@@@@@@@@..................................@@@.@@@@@@@@@@@@@@..................@@@@....@@@@@@..............................
..............................@@@.@@@@@@..................@@@@@@@@@@@@@@@@@@@@..................................@@@@@@@@@@@@@@@@@@....................@@@@..@.@@@@..............................
..............................@@@@@@@@@@@@..................@@@@@@@@@@@@@@@@@@................................@@@@@@@@@@@@@@.@@@........................@@@...@@@@..............................
..............................@@@@....@@@@....................@@@.@@@@@@@@@@@@@@..............................@@@@@@@@@@@@@@@@@@........................@@@@..@@@@@@............................
..............................@@@@...@@@......................@@@@@@@@@@@@@@@@@@@@............................@@@@@@@@@@@@@@@@@@........................@@@@....@@@@............................
............................@@@@@@..@@@@......................@@@@@@@@@@@@@@@@@@@@............................@@@@@@@@@@@@@@@@@@........................@@@@..@@@@@@............................
............................@@@@....@@@@@@....................@@@@@@@@@@@@@@..@@@@............................@@@@@@@@@@@@@@@@@@........................@@@@..@@@@@@............................
..............................@@@...@@@@@@@@................@@@@@@@@@@@@@@@@..@@@@............................@@@@@@@@@@@@.@@@..........................@@@@...@@@..............................
..............................@@@@@@@@@@@@@@@@............@@@@@@....@@@@@@@@@@@@@@............................@@@@@@@@@@@@@@@@........................@@@@@@..@@@@..............................
............................@@@@@@@@@@@@@@@@@@..........@@@@@@......@@@@@@@@@@@@@@..........................@@@@@@@@@@@@@@@@@@....@@@@................@@@@....@@@@..............................
............................@@@@@@@@@@@@@@@@@@........@@@@@@......@@@@@@@@@@.@@@............................@@@@@@@@@@@@.@@@......@@@@................@@@@...@@@................................
..............................@@@.@@@@@@@@@@@@@@......@@@@........@@@@@@@@@@@@@@............................@@@@@@@@@@@@@@@@........................@@@@@@..@@@@................................
..............................@@@@@@@@@@@@@@@@@@@@......@@@.......@@@@@@@@@@@@@@@@........................@@@@@@@@@@@@@@@@@@@@......@@@@............@@@.....@@@@@@..............................
............................@@@@@@@@@@@@@@@@@@@@@@@@@@..@@@@....@@@@@@@@@@@@@@@@@@@@......................@@@@@@@@@@@@@@@@@@@@......@@@@............@@@@@@@@..@@@@..............................
............................@@@@@@@@@@@@@@@@@@@@@@@@@@..@@@@....@@@@@@@@@@@@@@..@@@@......................@@@@@.@@@@@@@@@@@@@@....................@@@@@@@@@@@@@@@@............................@@
@@@@........................@@@@@@@@@@@@@@@@@@@@@@@@@@..@@@@....@@@@@@@@@@..@@.@@@......................@@@@@@@@@@@@@@@@@@@@@@@@................@@@@@@@@@@@@@@@@@@@@........................@@@@
@@@@@@......................@@@@@@@@@@@@@@@@@@@@@@@@@@@@@@@@....@@@@@@@@@@..@@@@@@....................@@@@@@@@@@@@@@@@@@@@@@@@@@@@............@@@@@@@@@@@@@@@@@@@@@@@@....................@@@@@@
@@@@@@@@....................@@@@@@@@@@@@@@@@@@@@@@@@@@@@@@......@@@@@@@@@@....@@@@@@..................@@@@@.@@..@@@@@@@@@@@@@@@@@@@@........@@@@@@..@@@@@@@@@@@@..@@@@@@................@@@@@@..
....@@@@@@................@@@@@@@@@@@@@@@@@@@@@@@@..@@@@......@@@@@@@@@@......@@@@@@@@..................@@@@@@..@@@@@@@@@@@@@@@@@@@@@@@@@@@@@@@@....@@@@@@@@@@@@....@@@@..............@@@@@@....
......@@@@................@@@@....@@@@@@@@@@@@@@@@@@@@@@@@@@@@@@@@@@@@........@@@@@@@@@@..................@@@@..@@@@@@@@@@@@@@....@@@@@@@@@@@@......@@@@@@@@@@.@@@@@@@................@@@@......
....@@@@..................@@@@....@@@@@@@@@@@@@@@@@@@@@@@@@@@@@@@@@@@@..............@@@@....................@@@.@@@@@@@@@@@@@@......@@@@@@@@......@@@@@@@@@@@@@@@@@@....................@@@@....
...@@@....................@@@@@@@.@@@@@@@@@@@@@@@@@@@@@@@@@@@@@@@@@@@@@@..........@@@@......................@@@@..@@@@@@@@@@@@@@................@@@@@@@@@@@@@@@@@@........................@@@...
..@@@@......................@@@@@@..@@@@@@@@@@@@@@@@@@@@@@@@@@@@@@@@@@@@@@.......@@@........................@@@@....@@@@@@@@@@@@@@....@@@@....@@@@@@@@@@@@@@@@@@@@........................@@@@..
..@@@@......................@@@@@@..@@@@@@@@@@@@@@@@@@@@@@@@@@@@@@@@@@@@@@@@....@@@@.......................@@@@@....@@@@@@@@@@@@@@@@@@@@@@@@@@@@@@@@@@@@@@@@@@@@@@@@......................@@@@..
..@@@@@.....................@@@@....@@@@@@@@@@@@@@@@@@@@@@@@@@@@@@@@@@@@@@@@....@@@@@@@....................@@@@@....@@@@@@@@@@@@@@@@@@@@@@@@@@@@@@@@@@@@@@@@....@@@@.....................@@@@@..
..@@@@@.........@@@@........@@@@....@@@@@@@@@@@@@@@@@@@@@@@@@@@@@@@@@@@@@@@@......@@@@@.................@@..@@........@@@@@@@@@@@@@@@@@@@@@@@@@@@@@@@@@@@@......@@@@@....................@@@@@..
....@@..@@@@@@@@@@@@@@...@@@@@@@....@@@@@@@@@@@@@@@@@@@@@@@@@@@@@@@@@@@@@@@@........@@..@@............@@@@@.............@@@@@@@@@@@@@@@@@@@@@@@@@@@@@@@@........@@@@@.................@@..@@....
.......@@@@@@@@@@@.@@@...@@@@@........@@@@@@@@@@@@@@@@@@@@@@@@@@@@@@@@@@@@@@...........@@@@@@@@@....@@@@@@@@..............@@@@@@@@@@@@@@@@@@@@@@@@@@@@............@@..@@............@@@@@.......
......@@@@@@@@@@..@@@@@@..@@..........@@@@@@@@@@@@@@@@@@@@@@@@@@@@@@@@@@@@@@@@........@@@@@@@@@@@@@@@@@@@@@@................@@@@@@@@@@@@@@@@@@@@@@@@....@@...........@@@@@@@@@....@@@@@@@@......
......@@@@........@@@@@@@...........@@@@@@@@@@@@@@@@@@@@@@@@@@@@@@@@@@@@@@@@@@........@@@@@@@@@@@@@@@@........................@@@@@@@@@@@@@@@@@@@@......@@..........@@@@@@@@@@@@@@@@@@@@@@......
....................@@@@@@........@@@@@@@@@@@@@@....@@@@@@@@@@@@@@@@@@@@@@@@....................@@@@............................@@@@@@@@@@@@@@@@@@..................@@@@@@@@@@@@@@@@............
......................@@@@......@@@@@@@@@@@@@@......@@@@@@@@@@@@@@@@@@@@@@@@......................................................@@@@@@@@@@@@@@@@@@..........................@@@@..............
................................@@@@@@@@@@@@@@......@@@@@@@@@@@@@@@@@@@@@@@@@@......................................................@@@@@@@@@@@@@@@@............................................
..................................@@@@@@@@@@@@......@@@@@@@@@@@@@@@@@@@@@@@@@@......................................................@@@@@@@@@@@@@@@@............................@...............
..................................@@@@@@@@@@........@@@@@@@@@@@@@@@@@@@@@@@@@@......................................................@@@@@@@@@@@@@@@@@@..........................................
................................@@@@@@@@@@@@....@@....@@@@@@@@@@@@@@@@@@@@@@@@........................................................@@@@@@@@@@@@@@@@..........................................
................................@@@@@@@@@@@@............@@@@@@@@@@@@@@@@@@@@............................................................@@@@@@@@@@@@@@..........................................
................................@@@@@@@@@@@@..............@@@@@@@@@@@@@@@@@@............................................................@@@@@@@@@@@@@@..........................................
................................@@@@@@@@@@@@@@.......@......@@@@@@@@@@@@@@@@............................................................@@@@@@@@@@@@@@..........................................
..................................@@@@@@@@@@@@@@............@@@@@@@@@@@@@@................................................................@@@@@@@@@@@@..........................................
....................................@@@@@@@@@@@@@@..........@@@@@@@@@@@@@@................................................................@@@@@@@@@@............................................
......................................@@@@@@@@@@@@@@@@@@@@@@@@@@@@@@@@@@@@................................................................@@@@@@@@@@............................................
........................................@@@@@@@@@@@@@@@@@@@@@@@@@@@@@@@@..................................................................@@@@@@@@@@@@...............@..........................
..........................................@@@@@@@@@@@@@@@@@@@@@@@@@@@@..................................................................@@@@@@@@@@@@@@..........................................
..........................................@@@@@@@@@@@@@@@@@@@@@@@@@@..................................................................@@@@@@@@@@@@@@............................................
..........................................@@@@@@@@@@@@@@@@@@@@@@@@..................................................................@@@@@@@@@@@@@@..............................................
..........................................@@@@@@@@@@@@@@@@@@@@@@....................................................................@@@@@@@@@@@@................................................
..........................................@@@@@@@@@@@@@@@@@@@@............@@........................................................@@@@@@@@@@@@................................................
............................................@@@@@@@@@@@@@@@@@@......................................................................@@@@@@@@@@@@................................................
..............................................@@@@@@@@@@@@@@@@......................................................................@@@@@@@@@@..................................................
................................................@@@@@@@@@@@@@@....................................................................@@@@@@@@@@@@......................@@@@........................
..................................................@@@@@@@@@@@@..................................................................@@@@@@@@@@@@@@................@@@@@@@@@@@@......................
..................................................@@@@@@@@@@..................................................................@@@@@@@@@@@@@@................@@@@@@@@....@@@@....................
..................................................@@@@@@@@@@..................................................................@@@@@@@@@@@@.................@@@............@@@...................
..................................................@@@@@@@@@@..................................................................@@@@@@@@@@@@................@@@@...........@@@@@..........@@......
..................................................@@@@@@@@@@..................................................................@@@@@@@@@@@@@@..........@@@@@@@@...........@@@@@..........@@@@....
....................................................@@@@@@@@@@..................................................................@@@@@@@@@@@@.........@@@@@@@..........@@..@@..............@@....
....................................................@@@@@@@@@@@@................................................................@@@@@@@@@@@@........@@@@...........@@@@@@.......................
....................................................@@@@@@@@@@@@..............................................................@@@@@@@@@@@@@@@@......@@@@...........@@@@@@@......................
....................................................@@@@@@@@@@@@............................................................@@@@@@@@@@@@@@@@@@.....@@@..........@@..@@@@@@......................
..................................................@@@@@@@@@@@@@@..........................................................@@@@@@@@@@@@@@@@@@......@@@@........@@@@@.............................
..................................................@@@@@@@@@@@@@@..........................................................@@@@@@@@@@@@@@@@........@@@@......@@@@@@@@............................
..................................................@@@@@@@@@@@@@@............................................................@@@@@@@@@@@@@@.......@@@........@@@@@@@@............................
................................................@@@@@@@@@@@@@@..............................................................@@@@@@@@@@@@@@......@@@@..........@@@@..............................
....................@@@@@@@@..................@@@@@@@@@@@@@@................................................................@@@@@@@@@@@@@@......@@@@@@..........@@@@............................
..................@@@@@@@@@@@@..............@@@@@@@@@@@@@@....................................................................@@@@@@@@@@@@........@@@@............@@@@....@@@@..................
.................@@@........@@@@............@@@@@@@@@@@@................................................@@@@@@@@..............@@@@@@@@@@@@........@@@@..............@@@@@@@@@@@@@@@@............
................@@@@@.........@@@@............@@@@@@@@@@..............................................@@@@@@@@@@@@..........@@@@@@@@@@@@@@........@@@@@@..............@@@@....@@@@@@@@..........
................@@@@@...........@@@@..........@@@@@@@@@@@@......................@@@@@@@@............@@@@........@@@.........@@@@@@@@@@@@............@@@@............................@@@@........
..................@@..@@..........@@@@........@@@@@@@@@@@@@@..................@@@@@@@@@@@@.........@@@..........@@@@........@@@@@@@@@@@@............@@@@..............................@@@.......
.....................@@@@@@.........@@@@........@@@@@@@@@@@@@@..............@@@@........@@@.......@@@@@.........@@@@........@@@@@@@@@@@@............@@@@..............................@@@@......
....................@@@@@@@...........@@@@........@@@@@@@@@@@@............@@@@.........@@@@@......@@@@@.........@@@@..........@@@@@@@@@@...........@@@................................@@@@......
....................@@@@@@..@@..........@@@.........@@@@@@@@@@...........@@@...........@@@@@........@@..@@......@@@@............@@@@@@@@@@........@@@@................................@@@@......
...........................@@@@@........@@@@........@@@@@@@@@@@@........@@@@........@@..@@.............@@@@@......@@@.............@@@@@@@@........@@@@..............................@@@@@@......
..........................@@@@@@@@......@@@@........@@@@@@@@@@@@@@......@@@@......@@@@@...............@@@@@@@@....@@@@............@@@@@@@@.......@@@................................@@@.........
..........................@@@@@@@@......@@@@..........@@@@@@@@@@@@.....@@@......@@@@@@@@..............@@@@@@@@....@@@@............@@@@@@@@@@....@@@@................................@@@@........
............................@@@@........@@@@..........@@@@@@@@@@@@....@@@@......@@@@@@@@.................@@@......@@@@.............@@@@@@@@@....@@@@................................@@@@........
......................@@@@@@@@..........@@@@..........@@@@@@@@@@@@....@@@@@@......@@@.........@@@@......@@@@......@@@@......@@@@@....@@@@@......@@@@................................@@@@........
....................@@@@@@@@..........@@@@@@..........@@@@@@@@@@........@@@@@@....@@@@......@@@@@@@@....@@@@......@@@@....@@@@@@@@@.............@@@@@@..............................@@@@........
..................@@@@................@@@@..........@@@@@@@@@@............@@@@....@@@@....@@@@....@@@@@@@@........@@@@....@@@@@@@@@@..............@@@@@@@@@@........................@@@@........
................@@@@....................@@@.......@@@@@@@@@@............@@@@........@@@@@@@@........@@@@..........@@@@....@@@@@@@@@@................@@@@@@@@@@....................@@@@@@........
..............@@@@......................@@@@......@@@@@@@@@@...........@@@............@@@@......................@@@@@@....@@@@@@@@....................@@@@@@@@..................@@@@@@..........
.............@@@........................@@@@......@@@@@@@@@@..........@@@@@@@@................................@@@@@@......@@@@@@@@@@@@....................@@@@............@@@@@@@@@@............
............@@@@........................@@@@......@@@@@@@@............@@@@@@@@@@..............................@@@@......@@@@@@@@@@@@@@@@..................@@@@@@........@@@@@@@@@@..............
............@@@@......................@@@@@@......@@@@@@@@..............@@@@@@@@@@............................@@@@......@@@@@@@@@@@@@@@@....................@@@@@@....@@@@@@@@@@@@..............
............@@@@......................@@@@......@@@@@@@@@@....................@@@@@@........................@@@@@@........@@@@@@@@@@@@@@......................@@@@@@..@@@@....@@@@..............
............@@@@......................@@@@......@@@@@@@@@.......................@@@@......................@@@@@@........@@..@@@@@@@@@@@@@@......................@@@@@@@@@@......................
............@@@@....................@@@@@@........@@@@@....@@@@@................@@@@......................@@@@..........@@..@@@@@@@@@@@@@@@@......................@@@@@@@@......................
............@@@@....................@@@@.................@@@@@@@@@..............@@@@@@....................@@@@............@@@@@@@@@@@@@@@@@@@@......................@@@@........................
............@@@@................@@@@@@@@................@@@@@@@@@@................@@@@..................@@@@@@..........@@@@@@@@@@@@@@@@@@@@@@@@@@@@@@@@........................................
............@@@@@@@@@@@@@@@@@@@@@@@@@@@@................@@@@@@@@..................@@@@........@@@@....@@@@@@..........@@@@@@@@@@@@@@@@@@@@@@@@@@@@@@@@@@@@......................................
..............@@@@@@@@@@@@@@@@@@@@@@@@....................@@@@@@..................@@@@@@@@@@@@@@@@@@@@@@@@............@@@@@@@@@@@@@@@@@@@@@@@@@@@@@@@@@@@@..........................@@@@@@@@@@@@
................@@@@@@@@@@@@@@@@..........................@@@@@@@@..................@@@@@@@@@@@@@@@@@@@@..........@@@@@@@@@@@@@@@@@@@@@@@@@@@@@@@@@@@@@@@@....................@@@@@@@@@@@@@@@@@@
..........................................................@@@@@@@@....................@@@@@@@@@@..@@@@..........@@@@@@@@@@@@@@@@@@@@@@@@@@@@@@@@@@@@@@@@@@@@................@@@@@@@@@@@@@@@@@@@@
........@@................................................@@@@@@@@............................@@..............@@@@@@@@@@@@@@@@@@@@@@@@@@@@@@@@@@@@@@@@@@@@@@@@............@@@@@@@@@@@@@@@@@@@@@@
........@@................................................@@@@@@@@..@@@@....................................@@@@@@@@@@@@@@@@@@@@@@@@@@@@@@@@@@@@@@@@@@@@@@@@@@@@........@@@@@@@@@@@@@@@@@@@@@@@@
..........................................................@@@@@@@@@@@@@@@@..................................@@@@@@@@@@@@@@@@@@@@@@@@@@@@@@@@@@@@@@@@@@@@@@@@@@@@........@@@@@@@@@@@@@@@@@@@@@@@@
..@@......@@................@@@@@@@@@@@@................@@@@@@@@@@@@@@@@@@@@.................................@@@@@@@@@@@@@@@@@@@@@@@@@@@@@@@@@@@@@@@@@@@@@@@@@@@.........@@@@@@@@@@@@@@@@@@@@@@@
..@@......@@..............@@@@@@@@@@@@@@@@..............@@@@@@@@@@@@@@@@@@@@@@........................@@@@@....@@@@@@@@@@@@@@@@@@@@@@@@@@@@@@@@@@@@@@@@@@@@@@@@@..@@@@@....@@@@@@@@@@@@@........
......@@..................@@@@@@@@@@@@@@@@@@............@@@@@@@@@@@@@@@@@@@@@@......................@@@@@@@@@.....@@@@@@@@@@@@....@@@@@@@@@@@@......@@@@@@@@@@@@@@@@@@@@@.....@@@@@@@@..........
......@@..................@@@@@@@@@@@@@@@@@@............@@@@@@@@@@@@@@@@@@@@@@............@@@@@@@@@@@@@@@@@@@@......@@@@@@@@....@@@@@@@@@@@@@@......@@@@@@@@@@@@@@@@@@@@@@......................
....@@..................@@@@@@@@@@@@@@@@@@@.............@@@@@@@@@@@@@@@@@@@@@@..........@@@@@@@@@@@@@@@@@@@@@@........@@@@......@@@@@@@@@@@@@@........@@@@@@@@@@@@@@@@@@@@......................
@@..@@..................@@@@@@@@@@@@@@@@@....@@@@@@@@@@@@@@@@@@@@@@@@@@@@@@@@.........@@@@@@@@@@@@@@@@@@@@@@........................@@@@@@@@@@..........@@@@@@@@@@@@@@@@........................
@@..................@@@@@@@@@@@@@@@@@@.....@@@@@@@@@@@@@@@@@@@@@@@@@@@@@@@@....@@@@@@@@@@@@@@@@@@@@@@@@@@@............................@@@@@@@@@@..........@@@@@@@@@@@@..........................
@@................@@@@@@@@@@@@@@@@@@......@@@@@@@@@@@@@@@@@@@@@@@@@@@@@@.....@@@@@@@@@@@@@@@@@@@@@@@@@@@..............................@@@@@@@@@@@@@@........@@@@@@@@............................
..@@@@@...........@@@@@@@@@@@@@@@@........@@@@@@@@@@@@@@@@@@@@@@@@@@@@......@@@@@@@@@@@@@@@@@@@@@@@@@@................................@@@@@@@@@@@@@@..........@@@@........@@@@@@@...............
@@@@@@@...........@@@@@@@@@@@@@@@@..........@@@@@@@@@@@@@@@@@@@@............@@@@@@@@@@@@@@@@@@@@@@@@..................................@@@@@@@@@@@@......................@@@@@@@@@@..............
@@@@@...........@@@@@@@@@@@@@@@@@@............@@@@@@@@@@@@@@@@................@@@@@@@@@@@@@@@@..............@@........................@@@@@@@@@@@@.....................@@@....@@@@..............
@@@@............@@@@@@@@@@@@@@@@..............@@@@@@@@@@@@@@..................@@@@@@@@@@@@@@@@@.............@@..........................@@@@@@@@@@....................@@@@......@@@@............
................@@@@@@@@@@..................@@@@@@@@@@@@@@....................@@@@@@@@@@@@@@@@..........@@..............................@@@@@@@@@@@@..................@@@@........@@@@..........
......@@@@@@@@@@@@@@@@@@@@..................@@@@@@@@@@@@......................@@@@@@@@@@@@@@............@@..............................@@@@@@@@@@@@.........@@@@@@@@@@@............@@@.........
....@@@@@@@@@@@@@@@@@@@@@@..................@@@@@@@@@@@@......................@@@@@@@@@@@@..................@@..........................@@@@@@@@@@@@........@@@@@@@@@@..............@@@@........
..@@@@@@@@@@@@@@@@@@@@@@....................@@@@@@@@@@@@........................@@@@@@@@....................@@......@...................@@@@@@@@@@@@........@@@@....................@@@@........
@@@@@@@@@@@@@@@@@@@@@@........................@@@@@@@@@...........................@@@@........@@..@@@@@@@@........@@.....................@@@@@@@@@........@@@@......................@@@@........
@@@@@@@@@@@@@@@@@@@@............@@@@@@@@........@@@@@....@@@@@................................@@@@@@@@@@@@@@......@@..............@@@@@....@@@@@........@@@@......................@@@@@@........
@@@@@@@@@@@@@@@@@@............@@@@@@@@@@@@.............@@@@@@@@@..........................@@@@@@@@........@@@@@@@@..............@@@@@@@@@.............@@@@........................@@@@..........
@@@@@@@@@@@@@@@@............@@@@........@@@...........@@@@@@@@@@........................@@@@@@@@............@@@@@@@...........@@@@@@@@@@@@...........@@@............................@@@.........
@@@@@@@@@@@@@@............@@@@..........@@@@..........@@@@@@@@@@..................@@@@@@@@......................@@@@..........@@@@@@@@@@@@..........@@@@.......................@@@@@@@@@........
@@@@@@@@@@@@............@@@@............@@@@............@@@@@@@@@@..............@@@@@@@@........................@@@@@@@@........@@@@@@@@............@@@@@@.....................@@@@@@@@@........
@@@@@@@@@@@@...........@@@................@@@...........@@@@@@@@@@.............@@@................................@@@@@@@.......@@@@@@@@..............@@@@..................@@..@@@@@@..........
@@@@@@@@@@@@..........@@@@................@@@@..........@@@@@@@@@@............@@@@....................................@@@@....@@@@@@@@@@@@............@@@@...............@@@@@@.................
@@@@@@@@@@............@@@@................@@@@............@@@@@@@@@@..........@@@@....................................@@@@....@@@@@@@@@@@@............@@@@@@.............@@@@@@@................
@@@@@@@@..............@@@@..................@@@@............@@@@@@@@@@........@@@@....................................@@@@....@@@@@@@@@@@@..............@@@@@@........@@..@@@@@@................
@@@@@@................@@@@....................@@@...........@@@@@@@@@@........@@@@..................................@@@@@@....@@@@@@@@@@@@@@..............@@@@@@@@@@@@@@@.......................
......................@@@@@...................@@@@........@@@@@@@@@@@@.......@@@....................................@@@@........@@@@@@@@@@@@@@..............@@@@@@@@@@@@@@......................
................@@....@@@@@...................@@@@......@@@@@@@@@@@@@@......@@@@...........@@@@@....................@@@@........@@@@@@@@@@@@@@@@..............@@@@@@@@@@@@......................
................@@......@@..@@..................@@@.....@@@@@@@@@@@@........@@@@@@.........@@@@@@@................@@@@@@........@@@@@@@@@@@@@@@@@@..............................................
...........................@@@@@@...............@@@@....@@@@@@@@@@@@..........@@@@......@@..@@@@@@@@....@@@@@.....@@@@............@@@@@@@@@@@@@@@@..................................@@..........
........@@................@@@@@@@.............@@@@@@....@@@@@@@@@@@@@@........@@@@@@@@@@@@@.....@@@@@@@@@@@@@.....@@@@..............@@@@@@@@@@@@....................................@@..........
........@@................@@@@@@..@@....@@@@..@@@@......@@@@@@@@@@@@@@........@@@@@@@@@@@@@@......@@@@@@@@@@..@@@@@@@@..............@@@@@@@@@@@@................................................
.................................@@@@@@@@@@@@@@@@@......@@@@@@@@@@@@@@..........@@@@@@@@@@@@........@@@@.....@@@@@@@..............@@@@@@@@@@@@@@................................@@..............
................................@@@@@@@@@@@@@@@@@@........@@@@@@@@@@@@......................................@@@@@@..............@@@@@@@@@@@@@@@@................................@@..............
................................@@@@@@@@....@@@@..........@@@@@@@@@@........................................@@@@................@@@@@@@@@@@@@@@@................................................
..............@@........................................@@@@@@@@@@..............................................................@@@@@@@@@@@@@@@@................................................
..............@@......................................@@@@@@@@@@@@............................................................@@@@@@@@@@@@@@..@@................................................
....................................................@@@@@@@@@@@@@@..........................................................@@@@@@@@@@@@@@......................................................
@@@.................................................@@@@@@@@@@@@@@..........................................................@@@@@@@@@@@@@@......................................................
@@@.................................................@@@@@@@@@@@@@@@@..........................................................@@@@@@@@@@@@@@....................................................
@@@.................................................@@@@@@@@@@@@@@@@............................................................@@@@@@@@@@@@....................................................
@@@...................................................@@@@@@@@@@@@..............................................................@@@@@@@@@@@@..@@................................................
......................................................@@@@@@@@@@@@..............................................................@@@@@@@@@@@@@@@@................................................
....................................................@@@@@@@@@@@@@@................................................................@@@@@@@@@@@@@@................................................
..................................................@@@@@@@@@@@@@@....................................................................@@@@@@@@@@@@@@..............................................
................................................@@@@@@@@@@@@@@........................................................................@@@@@@@@@@@@..............................................
..............................................@@@@@@@@@@@@@@@@........................................................................@@@@@@@@@@@@..............................................
..............................................@@@@@@@@@@@@@@@@......................................................................@@@@@@@@@@@@@@..............................................
................................................@@@@@@@@@@@@......................................................................@@@@@@@@@@@@@@................................................
................................................@@@@@@@@@@@@....................................................................@@@@@@@@@@@@@@..................................................
................................................@@@@@@@@@@@@....................................................................@@@@@@@@@@@@....................................................
................................................@@@@@@@@@@@@....................................................................@@@@@@@@@@@@....................................................
................................................@@@@@@@@@@@@@@................................................................@@@@@@@@@@@@@@....................@@@@@@@@........@@@@............
..................................................@@@@@@@@@@@@@@..........................................................@@..@@@@@@@@@@@@@@..............@@@@@@@@@@@@@@@@@@@@@@@@@@@@..........
....................................................@@@@@@@@@@@@..........................................................@@....@@@@@@@@@@@@............@@@@@@@@........@@@@@@@@....@@@.........
....................................................@@@@@@@@@@@@................................................................@@@@@@@@@@@@...........@@@..........................@@@@........
........@@@@@@@@@@@@..............................@@@@@@@@@@@@@@............................@@@@@@@@@@@@........................@@@@@@@@@@@@@@........@@@@..........................@@@@........
......@@@@@@@@@@@@@@@@@@@@......................@@@@@@@@@@@@@@@@..........................@@@@@@@@@@@@@@@@@@@@....................@@@@@@@@@@@@@@......@@@@............................@@@.......
.....@@@............@@@@@@@.....................@@@@@@@@@@@@@@@@@@......................@@@@............@@@@@@@.....................@@@@@@@@@@@@......@@@@...........................@@@@@......
....@@@@@...............@@@@....................@@@@@@@@@@@@@@@@@@@@@@@@..............@@@@..................@@@@@@..................@@@@@@@@@@@@......@@@@...........................@@@@@......
....@@@@@...............@@@@..................@@@@@@@@@@@@@@@@@@@@@@@@@@@@...........@@@....................@@@@@@..................@@@@@@@@@@@@......@@@@@.......................@@..@@........
......@@..@@..............@@@@................@@@@@@@@@@@@@@@@@@@@@@@@@@@@@@........@@@@......................@@@@..................@@@@@@@@@@@@......@@@@@.....................@@@@@...........
.........@@@@@..............@@@@..............@@@@@@@@@@@@@@@@@@@@@@@@@@@@@@........@@@@........................@@@@..............@@@@@@@@@@@@@@........@@..@@................@@@@@@@@..........
........@@@@@@@@..............@@@@..........@@@@@@@@@@@@@@@@@@@@@@@@@@@@@@@@........@@@@@.........................@@@@............@@@@@@@@@@@@@@...........@@@@@..............@@@@@@@@..........
........@@@@@@@@................@@@.........@@@@@@@@@@@@@@@@@@@@@@@@@@@@@@@@@@......@@@@@...........................@@@...........@@@@@@@@@@@@@@@@........@@@@@@@@..............@@@@@@@@........
@@........@@@@.................@@@@@........@@@@@@@@@@@@@@@@@@@@@@@@@@@@@@@@@@........@@..@@.......................@@@@@..........@@@@@@@@@@@@@@@@........@@@@@@@@................@@@@@@@@......
@@@@....@@@@...................@@@@@........@@@@@@@@@@@@@@@@@@@@@@@@@@@@@@@@.............@@@@@.....................@@@@@..........@@@@@@@@@@@@@@@@............@@@@......................@@@@....
..@@@@@@@@..................@@..@@............@@@@@@@@......@@@@@@@@@@@@@@@@............@@@@@@@@................@@..@@..........@@@@@@@@@@@@@@@@@@@@..........@@@@........................@@@@..
....@@@@..................@@@@@.................@@@@@@@@....@@@@@@@@@@@@@@@@@@..........@@@@@@@@..............@@@@@...........@@@@@@@@@@@@@@@@@@@@@@.........@@@............................@@@@
........................@@@@@@@@...................@@@@@@@....@@@@@@@@@@@@@@@@............@@@@..............@@@@@@@@........@@@@@@@@@@@@@@..@@@@@@@@........@@@@..............................@@
........................@@@@@@@@..................@@@@..@@@@..@@@@@@@@@@@@@@............@@@@................@@@@@@@@........@@@@@@@@@@@@@@@@@@@@@@@@@@......@@@@................................
..........................@@@@....................@@@@....@@@.@@@@@@@@@@@@@@..@@..@@@@@@@@....................@@@@..........@@@@@@@@@@.@@@@@@@@@@@@@@@....@@@@..................................
............................@@@@................@@@@......@@@@@@@@@@@@@@@@@@..@@@@@@@@@@........................@@@@......@@@@@@@@@@@@@@@@..@@@@@@@@.....@@@....................................
..............................@@@@@@@@........@@@@........@@@@@@@@@@@@@@@@@@@@@@@@................................@@@@@@@@@@@@@@@@@@@@@@@@....@@@@@@@...@@@@....................................
................................@@@@@@@......@@@............@@@@@@@@@@@@@@@@@@@@....................................@@@@@@@.@@@@@@@@@@@@........@@@@@@..@@@@@@..................................
....................................@@@@....@@@@..............@@@.@@@@.@@@..............................................@@@@..@@@@@@@@............@@@@....@@@@..................................
..................................@@@@@@....@@@@@@............@@@@..@@@@@@..............................................@@@@.....@@@................@@@...@@@@..................................
..................................@@@@@@......@@@@..........@@@@@@..@@@@@@@@............................................@@@@....@@@@................@@@@..@@@@@@................................
..................................@@@@@@..@@.@@@............@@@@........@@@@............................................@@@@....@@@@................@@@@..@@@@@@................................
..................................@@@@....@@@@@@..............@@@.......@@@@............................................@@@@....@@@@..................@@@...@@@@................................
....................................@@@.....@@@@..............@@@@......@@@@@@........................................@@@@@@....@@@@@@................@@@@..@@@@................................
....................................@@@@@@@@@@@@..............@@@@........@@@@........................................@@@@....@@..@@@@..............@@@@@@.@@@..................................
..................................@@@@@@@@@@@@@@@@............@@@@........@@@@..........................................@@@...@@..@@@@..............@@@@..@@@@..................................
................................@@@@@@@@@@@@@@.@@@..........@@@@@@@@......@@@@..........................................@@@@....@@@@@@..............@@@@..@@@@@@................................
................................@@@@@@@@@@@@@@@@@@..........@@@@..@@.....@@@..........................................@@@@@@....@@@@................@@@@....@@@@@@..............................
................................@@@@@@@@@@@@@@@@@@............@@@@......@@@@..........................................@@@.....@@@@....................@@@..@@.@@@@..............................
................................@@@@@@@@@@@@@@@@................@@@@....@@@@@@........................................@@@@...@@@......................@@@@.@@@@@@@..............................
..................................@@@@@@@@.@@@....................@@@.@@..@@@@........................................@@@@..@@@@......................@@@@....@@@@..............................
....................................@@@...@@@@....................@@@@@@.@@@............................................@@@.@@@@@@......................@@@...@@@@..............................
@@@@@...............................@@@@@.@@@@....................@@@@..@@@@............................................@@@@..@@@@........@@@@..........@@@@..@@@@@@.......................@@@@@
@@@@@@@@@@@@@@@@@@@@@@@@@@@@@@@@@@@@@@@@@@@@@@@@@@@@@@@@@@@@@@@@@@@@@@@@@@@@@@@@@@@@@@@@@@@@@@@@@@@@@@@@@@@@@@@@@@@@@@@@@@@@@@@@@@@@@@@@@@@@@@@@@@@@@@@@@@@@@@@@@@@@@@@@@@@@@@@@@@@@@@@@@@@@@@@@
